[admin.pixelstrap.com/roxo/html/template/index.html]
[backblue.gif]
[fade.gif]
[index.html]
[admin.pixelstrap.com/roxo/assets/images/favicon.png]
[admin.pixelstrap.com/roxo/assets/css/vendors/iconly.css]
[admin.pixelstrap.com/roxo/assets/css/style.css]
[admin.pixelstrap.com/roxo/html/template/chat-app.html]
[admin.pixelstrap.com/roxo/assets/images/users/1.png]
[admin.pixelstrap.com/roxo/assets/images/users/5.png]
[admin.pixelstrap.com/roxo/assets/images/users/4.png]
[admin.pixelstrap.com/roxo/html/template/email-app.html]
[admin.pixelstrap.com/roxo/html/template/feather-icon.html]
[admin.pixelstrap.com/roxo/html/template/cart.html]
[admin.pixelstrap.com/roxo/assets/images/product/1.jpg]
[admin.pixelstrap.com/roxo/html/template/product.html]
[admin.pixelstrap.com/roxo/assets/images/product/2.jpg]
[admin.pixelstrap.com/roxo/assets/images/product/3.jpg]
[admin.pixelstrap.com/roxo/html/template/checkout.html]
[admin.pixelstrap.com/roxo/html/template/todo-app.html]
[admin.pixelstrap.com/roxo/html/template/education.html]
[admin.pixelstrap.com/roxo/html/template/ecommerce.html]
[admin.pixelstrap.com/roxo/html/template/crypto.html]
[admin.pixelstrap.com/roxo/html/template/widgets.html]
[admin.pixelstrap.com/roxo/html/template/typography.html]
[admin.pixelstrap.com/roxo/html/template/avatars.html]
[admin.pixelstrap.com/roxo/html/template/buttons.html]
[admin.pixelstrap.com/roxo/html/template/badge.html]
[admin.pixelstrap.com/roxo/html/template/progress.html]
[admin.pixelstrap.com/roxo/html/template/modal.html]
[admin.pixelstrap.com/roxo/html/template/alert.html]
[admin.pixelstrap.com/roxo/html/template/dropdown.html]
[admin.pixelstrap.com/roxo/html/template/collapse.html]
[admin.pixelstrap.com/roxo/html/template/tooltip.html]
[admin.pixelstrap.com/roxo/html/template/divider.html]
[admin.pixelstrap.com/roxo/html/template/shop.html]
[admin.pixelstrap.com/roxo/html/template/invoice.html]
[admin.pixelstrap.com/roxo/html/template/invoice-preview.html]
[admin.pixelstrap.com/roxo/html/template/wishlist.html]
[admin.pixelstrap.com/roxo/html/template/breadcrumbs.html]
[admin.pixelstrap.com/roxo/html/template/pagination.html]
[admin.pixelstrap.com/roxo/html/template/carousel.html]
[admin.pixelstrap.com/roxo/html/template/countdown.html]
[admin.pixelstrap.com/roxo/html/template/progress-radial.html]
[admin.pixelstrap.com/roxo/html/template/swap.html]
[admin.pixelstrap.com/roxo/html/template/indicator.html]
[admin.pixelstrap.com/roxo/html/template/mask.html]
[admin.pixelstrap.com/roxo/html/template/stack.html]
[admin.pixelstrap.com/roxo/html/template/steps.html]
[admin.pixelstrap.com/roxo/html/template/tabs.html]
[admin.pixelstrap.com/roxo/html/template/rating.html]
[admin.pixelstrap.com/roxo/html/template/input-textarea.html]
[admin.pixelstrap.com/roxo/html/template/checkbox-radio.html]
[admin.pixelstrap.com/roxo/html/template/select.html]
[admin.pixelstrap.com/roxo/html/template/switch.html]
[admin.pixelstrap.com/roxo/html/template/input-group.html]
[admin.pixelstrap.com/roxo/html/template/login.html]
[admin.pixelstrap.com/roxo/html/template/register.html]
[admin.pixelstrap.com/roxo/html/template/reset-password.html]
[admin.pixelstrap.com/roxo/html/template/coming-soon.html]
[admin.pixelstrap.com/roxo/html/template/otp.html]
[admin.pixelstrap.com/roxo/html/template/error-404.html]
[admin.pixelstrap.com/roxo/html/template/forgot-password.html]
[admin.pixelstrap.com/roxo/html/template/roxo-animation.html]
[admin.pixelstrap.com/roxo/html/template/wow-animation.html]
[admin.pixelstrap.com/roxo/html/template/here-map.html]
[admin.pixelstrap.com/roxo/html/template/data-map.html]
[admin.pixelstrap.com/roxo/html/template/iconly-icon.html]
[admin.pixelstrap.com/roxo/html/template/blog-grid.html]
[admin.pixelstrap.com/roxo/html/template/blog-details.html]
[admin.pixelstrap.com/roxo/html/template/gallery.html]
[admin.pixelstrap.com/roxo/html/template/faqs.html]
[admin.pixelstrap.com/roxo/html/template/samplepage.html]
[admin.pixelstrap.com/roxo/html/template/swiper-slider.html]
[admin.pixelstrap.com/roxo/html/template/tables.html]
[admin.pixelstrap.com/roxo/html/template/calender.html]
[admin.pixelstrap.com/roxo/html/template/apex-chart.html]
[admin.pixelstrap.com/roxo/html/template/knowledgebase.html]
[admin.pixelstrap.com/roxo/html/template/kanban-board.html]
[admin.pixelstrap.com/roxo/assets/images/icons/1.png]
[admin.pixelstrap.com/roxo/assets/images/icons/2.png]
[admin.pixelstrap.com/roxo/assets/images/icons/3.png]
[admin.pixelstrap.com/roxo/assets/images/icons/4.png]
[admin.pixelstrap.com/roxo/assets/images/users/2.png]
[admin.pixelstrap.com/roxo/assets/images/users/3.png]
[admin.pixelstrap.com/roxo/assets/images/customizer/light.png]
[admin.pixelstrap.com/roxo/assets/images/customizer/dark.png]
[admin.pixelstrap.com/roxo/assets/images/customizer/ltr.png]
[admin.pixelstrap.com/roxo/assets/images/customizer/rtl.png]
[admin.pixelstrap.com/roxo/assets/images/customizer/full-sidebar.png]
[admin.pixelstrap.com/roxo/assets/images/customizer/icon-sidebar.png]
[admin.pixelstrap.com/roxo/assets/js/helper.js]
[admin.pixelstrap.com/roxo/assets/js/sidebar.js]
[admin.pixelstrap.com/roxo/assets/js/feather.min.js]
[admin.pixelstrap.com/roxo/assets/js/chart/apex-chart/apex-chart.js]
[admin.pixelstrap.com/roxo/assets/js/chart/apex-chart/apex-tooltip.js]
[admin.pixelstrap.com/roxo/assets/js/chart/apex-chart/apex-default-dashboard.js]
[admin.pixelstrap.com/roxo/assets/js/customizer.js]
[admin.pixelstrap.com/roxo/assets/js/script.js]
[admin.pixelstrap.com/roxo/html/template/index.html]
[admin.pixelstrap.com/roxo/assets/css/vendors/iconly.css]
[admin.pixelstrap.com/roxo/assets/images/bg-image.jpg]
[admin.pixelstrap.com/roxo/assets/css/style.css]
[admin.pixelstrap.com/roxo/assets/css/vendors/emoji-uikit.min.css]
[admin.pixelstrap.com/roxo/assets/images/users/avatar2.jpg]
[admin.pixelstrap.com/roxo/assets/images/users/avatar3.jpg]
[admin.pixelstrap.com/roxo/assets/images/users/avatar4.jpg]
[admin.pixelstrap.com/roxo/assets/images/users/avatar5.jpg]
[admin.pixelstrap.com/roxo/assets/images/users/avatar6.jpg]
[admin.pixelstrap.com/roxo/assets/images/users/avatar7.jpg]
[admin.pixelstrap.com/roxo/assets/js/emoji-picker/uikit.min.js]
[admin.pixelstrap.com/roxo/assets/js/emoji-picker/uikit-icons.min.js]
[admin.pixelstrap.com/roxo/assets/js/emoji-picker/vanillaEmojiPicker.js]
[admin.pixelstrap.com/roxo/assets/js/emoji-picker/emojiPicker-custom.js]
[admin.pixelstrap.com/roxo/html/template/chat-app.html]
[admin.pixelstrap.com/roxo/assets/images/product/6.jpg]
[admin.pixelstrap.com/roxo/assets/images/product/7.jpg]
[admin.pixelstrap.com/roxo/assets/images/product/8.jpg]
[admin.pixelstrap.com/roxo/assets/images/product/9.jpg]
[admin.pixelstrap.com/roxo/html/template/email-app.html]
[admin.pixelstrap.com/roxo/assets/css/vendors/prism.css]
[admin.pixelstrap.com/roxo/assets/js/prism.js]
[admin.pixelstrap.com/roxo/html/template/feather-icon.html]
[admin.pixelstrap.com/roxo/assets/js/icon-copy.js]
[admin.pixelstrap.com/roxo/assets/images/product/4.jpg]
[admin.pixelstrap.com/roxo/assets/images/product/5.jpg]
[admin.pixelstrap.com/roxo/html/template/cart.html]
[admin.pixelstrap.com/roxo/assets/css/vendors/swiper-bundle.min.css]
[admin.pixelstrap.com/roxo/assets/images/product/big1.jpg]
[admin.pixelstrap.com/roxo/assets/images/product/big2.jpg]
[admin.pixelstrap.com/roxo/assets/images/product/big3.jpg]
[admin.pixelstrap.com/roxo/assets/images/product/big4.jpg]
[admin.pixelstrap.com/roxo/assets/images/product/big5.jpg]
[admin.pixelstrap.com/roxo/assets/js/swiper-slider/swiper-bundle.min.js]
[admin.pixelstrap.com/roxo/assets/js/swiper-slider/product.js]
[admin.pixelstrap.com/roxo/html/template/product.html]
[admin.pixelstrap.com/roxo/html/template/checkout.html]
[admin.pixelstrap.com/roxo/assets/js/todo-app.js]
[admin.pixelstrap.com/roxo/html/template/todo-app.html]
[admin.pixelstrap.com/roxo/assets/css/vendors/vanillaCalendar.css]
[admin.pixelstrap.com/roxo/assets/images/event/1.jpg]
[admin.pixelstrap.com/roxo/assets/images/event/2.jpg]
[admin.pixelstrap.com/roxo/assets/images/event/3.jpg]
[admin.pixelstrap.com/roxo/assets/images/event/4.jpg]
[admin.pixelstrap.com/roxo/assets/images/event/5.jpg]
[admin.pixelstrap.com/roxo/assets/images/card/1.jpg]
[admin.pixelstrap.com/roxo/assets/images/card/2.jpg]
[admin.pixelstrap.com/roxo/assets/js/chart/apex-chart/apex-education-dashboard.js]
[admin.pixelstrap.com/roxo/assets/js/calender/vanillaCalendar.js]
[admin.pixelstrap.com/roxo/html/template/education.html]
[admin.pixelstrap.com/roxo/assets/images/shop/1.png]
[admin.pixelstrap.com/roxo/assets/images/shop/2.png]
[admin.pixelstrap.com/roxo/assets/images/shop/3.png]
[admin.pixelstrap.com/roxo/assets/images/shop/4.png]
[admin.pixelstrap.com/roxo/assets/images/shop/5.png]
[admin.pixelstrap.com/roxo/assets/images/shop/6.png]
[admin.pixelstrap.com/roxo/assets/images/shop/7.png]
[admin.pixelstrap.com/roxo/assets/images/shop/8.png]
[admin.pixelstrap.com/roxo/assets/images/shop/9.png]
[admin.pixelstrap.com/roxo/assets/images/shop/10.png]
[admin.pixelstrap.com/roxo/assets/images/shop/11.png]
[admin.pixelstrap.com/roxo/assets/images/product/10.jpg]
[admin.pixelstrap.com/roxo/assets/images/product/11.jpg]
[admin.pixelstrap.com/roxo/assets/images/product/12.jpg]
[admin.pixelstrap.com/roxo/assets/js/chart/apex-chart/ecommerce-dashboard.js]
[admin.pixelstrap.com/roxo/html/template/ecommerce.html]
[admin.pixelstrap.com/roxo/assets/js/swiper-slider/ecommerce-dashboard.js]
[admin.pixelstrap.com/roxo/assets/images/news/1.jpg]
[admin.pixelstrap.com/roxo/assets/images/news/2.jpg]
[admin.pixelstrap.com/roxo/assets/images/news/3.jpg]
[admin.pixelstrap.com/roxo/assets/images/news/4.jpg]
[admin.pixelstrap.com/roxo/assets/images/news/5.jpg]
[admin.pixelstrap.com/roxo/assets/images/emoji/emoji.png]
[admin.pixelstrap.com/roxo/assets/js/chart/apex-chart/apex-crypto-dashboard.js]
[admin.pixelstrap.com/roxo/html/template/crypto.html]
[admin.pixelstrap.com/roxo/html/template/widgets.html]
[admin.pixelstrap.com/roxo/html/template/typography.html]
[admin.pixelstrap.com/roxo/html/template/avatars.html]
[admin.pixelstrap.com/roxo/html/template/buttons.html]
[admin.pixelstrap.com/roxo/html/template/badge.html]
[admin.pixelstrap.com/roxo/html/template/progress.html]
[admin.pixelstrap.com/roxo/html/template/modal.html]
[admin.pixelstrap.com/roxo/html/template/alert.html]
[admin.pixelstrap.com/roxo/html/template/dropdown.html]
[admin.pixelstrap.com/roxo/html/template/collapse.html]
[admin.pixelstrap.com/roxo/html/template/tooltip.html]
[admin.pixelstrap.com/roxo/html/template/divider.html]
[admin.pixelstrap.com/roxo/assets/images/product/banner.jpg]
[admin.pixelstrap.com/roxo/html/template/shop.html]
[admin.pixelstrap.com/roxo/html/template/invoice.html]
[admin.pixelstrap.com/roxo/html/template/invoice-preview.html]
[admin.pixelstrap.com/roxo/html/template/wishlist.html]
[admin.pixelstrap.com/roxo/html/template/breadcrumbs.html]
[admin.pixelstrap.com/roxo/html/template/pagination.html]
[admin.pixelstrap.com/roxo/assets/images/carousel/1.jpg]
[admin.pixelstrap.com/roxo/assets/images/carousel/2.jpg]
[admin.pixelstrap.com/roxo/assets/images/carousel/3.jpg]
[admin.pixelstrap.com/roxo/assets/images/carousel/4.jpg]
[admin.pixelstrap.com/roxo/assets/images/carousel/7.jpg]
[admin.pixelstrap.com/roxo/assets/images/carousel/6.jpg]
[admin.pixelstrap.com/roxo/assets/images/carousel/8.jpg]
[admin.pixelstrap.com/roxo/assets/images/carousel/9.jpg]
[admin.pixelstrap.com/roxo/html/template/carousel.html]
[admin.pixelstrap.com/roxo/html/template/countdown.html]
[admin.pixelstrap.com/roxo/html/template/progress-radial.html]
[admin.pixelstrap.com/roxo/html/template/swap.html]
[admin.pixelstrap.com/roxo/html/template/indicator.html]
[admin.pixelstrap.com/roxo/html/template/mask.html]
[admin.pixelstrap.com/roxo/assets/images/cities/1.jpg]
[admin.pixelstrap.com/roxo/html/template/stack.html]
[admin.pixelstrap.com/roxo/html/template/steps.html]
[admin.pixelstrap.com/roxo/html/template/tabs.html]
[admin.pixelstrap.com/roxo/html/template/rating.html]
[admin.pixelstrap.com/roxo/html/template/input-textarea.html]
[admin.pixelstrap.com/roxo/html/template/checkbox-radio.html]
[admin.pixelstrap.com/roxo/html/template/select.html]
[admin.pixelstrap.com/roxo/html/template/switch.html]
[admin.pixelstrap.com/roxo/html/template/input-group.html]
[admin.pixelstrap.com/roxo/assets/images/login-banner/bg.jpg]
[admin.pixelstrap.com/roxo/assets/images/login-banner/twitter.png]
[admin.pixelstrap.com/roxo/assets/images/login-banner/facebook.png]
[admin.pixelstrap.com/roxo/assets/images/login-banner/insta.png]
[admin.pixelstrap.com/roxo/assets/images/login-banner/linkdin.png]
[admin.pixelstrap.com/roxo/assets/images/login-banner/center.png]
[admin.pixelstrap.com/roxo/assets/images/login-banner/left.png]
[admin.pixelstrap.com/roxo/assets/images/login-banner/right.png]
[admin.pixelstrap.com/roxo/html/template/login.html]
[admin.pixelstrap.com/roxo/html/template/register.html]
[admin.pixelstrap.com/roxo/html/template/reset-password.html]
[admin.pixelstrap.com/roxo/html/template/coming-soon.html]
[admin.pixelstrap.com/roxo/assets/js/otp.js]
[admin.pixelstrap.com/roxo/html/template/otp.html]
[admin.pixelstrap.com/roxo/html/template/error-404.html]
[admin.pixelstrap.com/roxo/html/template/forgot-password.html]
[admin.pixelstrap.com/roxo/html/template/roxo-animation.html]
[admin.pixelstrap.com/roxo/assets/js/wow.js]
[admin.pixelstrap.com/roxo/assets/js/wow-custom.js]
[admin.pixelstrap.com/roxo/html/template/wow-animation.html]
[admin.pixelstrap.com/roxo/assets/css/vendors/map/mapsjs-ui.css]
[admin.pixelstrap.com/roxo/assets/js/map/here-map/mapsjs-core1.js]
[admin.pixelstrap.com/roxo/assets/js/map/here-map/mapsjs-ui3.js]
[admin.pixelstrap.com/roxo/assets/js/map/here-map/mapsjs-mapevents4.js]
[admin.pixelstrap.com/roxo/assets/js/map/here-map/custom.js]
[admin.pixelstrap.com/roxo/html/template/here-map.html]
[admin.pixelstrap.com/roxo/assets/js/map/data-map/d3.min.js]
[admin.pixelstrap.com/roxo/assets/js/map/data-map/topojson.min.js]
[admin.pixelstrap.com/roxo/assets/js/map/data-map/datamaps.world.min.js]
[admin.pixelstrap.com/roxo/assets/js/map/data-map/custom.js]
[admin.pixelstrap.com/roxo/html/template/data-map.html]
[admin.pixelstrap.com/roxo/html/template/iconly-icon.html]
[admin.pixelstrap.com/roxo/assets/images/blog/grid/1.jpg]
[admin.pixelstrap.com/roxo/assets/images/blog/grid/3.jpg]
[admin.pixelstrap.com/roxo/assets/images/blog/grid/4.jpg]
[admin.pixelstrap.com/roxo/assets/images/blog/grid/5.jpg]
[admin.pixelstrap.com/roxo/assets/images/blog/grid/6.jpg]
[admin.pixelstrap.com/roxo/html/template/blog-grid.html]
[admin.pixelstrap.com/roxo/html/template/blog-details.html]
[admin.pixelstrap.com/roxo/assets/css/vendors/photoswipe.css]
[admin.pixelstrap.com/roxo/assets/images/big-lightgallry/01.jpg]
[admin.pixelstrap.com/roxo/assets/images/lightgallry/01.jpg]
[admin.pixelstrap.com/roxo/assets/images/big-lightgallry/02.jpg]
[admin.pixelstrap.com/roxo/assets/images/lightgallry/02.jpg]
[admin.pixelstrap.com/roxo/assets/images/lightgallry/03.jpg]
[admin.pixelstrap.com/roxo/assets/images/big-lightgallry/04.jpg]
[admin.pixelstrap.com/roxo/assets/images/lightgallry/04.jpg]
[admin.pixelstrap.com/roxo/assets/images/big-lightgallry/05.jpg]
[admin.pixelstrap.com/roxo/assets/images/lightgallry/05.jpg]
[admin.pixelstrap.com/roxo/assets/images/big-lightgallry/06.jpg]
[admin.pixelstrap.com/roxo/assets/images/lightgallry/06.jpg]
[admin.pixelstrap.com/roxo/assets/images/big-lightgallry/07.jpg]
[admin.pixelstrap.com/roxo/assets/images/big-lightgallry/08.jpg]
[admin.pixelstrap.com/roxo/assets/images/lightgallry/08.jpg]
[admin.pixelstrap.com/roxo/assets/images/big-lightgallry/09.jpg]
[admin.pixelstrap.com/roxo/assets/images/lightgallry/09.jpg]
[admin.pixelstrap.com/roxo/assets/images/big-lightgallry/010.jpg]
[admin.pixelstrap.com/roxo/assets/images/lightgallry/010.jpg]
[admin.pixelstrap.com/roxo/assets/images/big-lightgallry/011.jpg]
[admin.pixelstrap.com/roxo/assets/images/lightgallry/011.jpg]
[admin.pixelstrap.com/roxo/assets/images/lightgallry/012.jpg]
[admin.pixelstrap.com/roxo/assets/js/photoswipe/photoswipe.min.js]
[admin.pixelstrap.com/roxo/assets/js/photoswipe/photoswipe-ui-default.min.js]
[admin.pixelstrap.com/roxo/html/template/gallery.html]
[admin.pixelstrap.com/roxo/assets/js/photoswipe/photoswipe.js]
[admin.pixelstrap.com/roxo/assets/images/banner.jpg]
[admin.pixelstrap.com/roxo/html/template/faqs.html]
[admin.pixelstrap.com/roxo/html/template/samplepage.html]
[admin.pixelstrap.com/roxo/assets/images/product/e1.jpg]
[admin.pixelstrap.com/roxo/assets/images/product/e2.jpg]
[admin.pixelstrap.com/roxo/assets/images/product/e3.jpg]
[admin.pixelstrap.com/roxo/assets/images/product/e4.jpg]
[admin.pixelstrap.com/roxo/assets/images/product/e5.jpg]
[admin.pixelstrap.com/roxo/assets/images/product/e6.jpg]
[admin.pixelstrap.com/roxo/assets/images/product/e7.jpg]
[admin.pixelstrap.com/roxo/assets/js/swiper-slider/swiper-slider-page.js]
[admin.pixelstrap.com/roxo/html/template/swiper-slider.html]
[admin.pixelstrap.com/roxo/html/template/tables.html]
[admin.pixelstrap.com/roxo/assets/css/vendors/calendar.css]
[admin.pixelstrap.com/roxo/assets/js/calender/initialize.js]
[admin.pixelstrap.com/roxo/html/template/calender.html]
[admin.pixelstrap.com/roxo/assets/js/calender/main.min.js]
[admin.pixelstrap.com/roxo/html/template/apex-chart.html]
[admin.pixelstrap.com/roxo/html/template/knowledgebase.html]
[admin.pixelstrap.com/roxo/assets/css/vendors/jkanban.min.css]
[admin.pixelstrap.com/roxo/assets/js/jkanban.min.js]
[admin.pixelstrap.com/roxo/assets/js/jkanban-custom.js]
[admin.pixelstrap.com/roxo/html/template/kanban-board.html]
[admin.pixelstrap.com/roxo/assets/css/vendors/emoji-uikit.min.css]
[admin.pixelstrap.com/roxo/assets/css/vendors/prism.css]
[admin.pixelstrap.com/roxo/assets/css/vendors/swiper-bundle.min.css]
[admin.pixelstrap.com/roxo/assets/css/vendors/vanillaCalendar.css]
[admin.pixelstrap.com/roxo/assets/css/vendors/map/mapsjs-ui.css]
[admin.pixelstrap.com/roxo/assets/images/login-banner/google.png]
[admin.pixelstrap.com/roxo/assets/images/blog/detail/1.jpg]
[admin.pixelstrap.com/roxo/assets/images/blog/grid/2.jpg]
[admin.pixelstrap.com/roxo/assets/js/map/here-map/mapsjs-service2.js]
[admin.pixelstrap.com/roxo/assets/images/lightgallry/default-skin.png]
[admin.pixelstrap.com/roxo/assets/css/vendors/photoswipe.css]
[admin.pixelstrap.com/roxo/assets/css/vendors/calendar.css]
[admin.pixelstrap.com/roxo/assets/images/big-lightgallry/03.jpg]
[admin.pixelstrap.com/roxo/assets/images/big-lightgallry/012.jpg]
[admin.pixelstrap.com/roxo/assets/css/vendors/jkanban.min.css]
[admin.pixelstrap.com/roxo/assets/css/vendors/preloader.html]
[admin.pixelstrap.com/roxo/assets/js/chart/apex-chart/apex-chart-page-custom.js]
[admin.pixelstrap.com/roxo/assets/images/lightgallry/07.jpg]
[admin.pixelstrap.com/roxo/assets/js/chart/apex-chart/stock-prices.js]
